fences: 0 that would not highlight, from 30 pages
rust: 261 example tests from 30 pages
  skipped: docs/expression.md rust block 8 (ignore)
  skipped: docs/iceberg.md rust block 10 (ignore)
   Compiling syn v2.0.119
   Compiling syn v3.0.3
   Compiling synstructure v0.13.2
   Compiling serde_derive v1.0.229
   Compiling zerovec-derive v0.11.6
   Compiling displaydoc v0.2.7
   Compiling futures-macro v0.3.34
   Compiling tokio-macros v2.7.2
   Compiling zerocopy-derive v0.8.56
   Compiling zerofrom-derive v0.1.7
   Compiling yoke-derive v0.8.2
   Compiling zerocopy v0.8.56
   Compiling futures-util v0.3.34
   Compiling serde v1.0.229
   Compiling zerofrom v0.1.8
   Compiling yoke v0.8.3
   Compiling zerovec v0.11.8
   Compiling num-bigint v0.4.8
   Compiling tinystr v0.8.4
   Compiling icu_locale_core v2.1.1
   Compiling potential_utf v0.1.6
   Compiling zerotrie v0.2.5
   Compiling icu_collections v2.1.1
   Compiling icu_provider v2.1.1
   Compiling tokio v1.53.1
   Compiling darling_core v0.21.3
   Compiling icu_properties v2.1.2
   Compiling half v2.7.1
   Compiling ahash v0.8.12
   Compiling arrow-buffer v58.4.0
   Compiling arrow-buffer v59.2.0
   Compiling arrow-data v58.4.0
   Compiling darling_macro v0.21.3
   Compiling arrow-data v59.2.0
   Compiling darling v0.21.3
   Compiling icu_normalizer v2.1.1
   Compiling arrow-array v58.4.0
   Compiling arrow-array v59.2.0
   Compiling darling_core v0.20.11
   Compiling idna_adapter v1.2.1
   Compiling idna v1.1.0
   Compiling arrow-select v58.4.0
   Compiling darling_macro v0.20.11
   Compiling darling v0.20.11
   Compiling arrow-select v59.2.0
   Compiling ppv-lite86 v0.2.21
   Compiling tracing-attributes v0.1.31
   Compiling thiserror-impl v2.0.20
   Compiling prettyplease v0.2.37
   Compiling thiserror v2.0.20
   Compiling tracing v0.1.44
   Compiling bon-macros v3.9.3
   Compiling rand_chacha v0.9.0
   Compiling derive_builder_core v0.20.2
   Compiling url v2.5.8
   Compiling hyper v1.11.0
   Compiling tower v0.5.3
   Compiling futures-executor v0.3.34
   Compiling serde-big-array v0.5.1
   Compiling strum_macros v0.27.2
   Compiling bnum v0.12.1
   Compiling bon v3.9.3
   Compiling futures v0.3.34
   Compiling tower-http v0.6.11
   Compiling hyper-util v0.1.20
   Compiling strum v0.27.2
   Compiling derive_builder_macro v0.20.2
   Compiling rand v0.9.5
   Compiling arrow-ipc v58.4.0
   Compiling arrow-ord v58.4.0
   Compiling serde_with_macros v3.17.0
   Compiling bigdecimal v0.4.10
   Compiling serde_urlencoded v0.7.1
   Compiling typed-builder-macro v0.20.1
   Compiling typetag-impl v0.2.23
   Compiling arrow-cast v58.4.0
   Compiling typed-builder v0.20.1
   Compiling apache-avro v0.21.0
   Compiling typetag v0.2.23
   Compiling reqwest v0.12.28
   Compiling parquet v58.4.0
   Compiling serde_with v3.17.0
   Compiling fastnum v0.7.4
   Compiling derive_builder v0.20.2
   Compiling arrow-ord v59.2.0
   Compiling arrow-ipc v59.2.0
   Compiling arrow-string v58.4.0
   Compiling arrow-arith v58.4.0
   Compiling backon v1.6.0
   Compiling ciborium-ll v0.2.2
   Compiling moka v0.12.16
   Compiling serde_repr v0.1.21
   Compiling async-trait v0.1.92
   Compiling ciborium v0.2.2
   Compiling parquet v59.2.0
   Compiling iceberg v0.10.1
   Compiling arrow-cast v59.2.0
   Compiling saphyr-parser v0.0.11
   Compiling arrow-row v59.2.0
   Compiling tinytemplate v1.2.1
   Compiling smol_str v0.3.2
   Compiling criterion v0.7.0
   Compiling yggdryl v0.1.1 (/home/user/yggdryl/rust)
    Finished `test` profile [unoptimized + debuginfo] target(s) in 1m 30s
     Running tests/docs_examples.rs (target/debug/deps/docs_examples-4fa533a40f9974ec)

running 261 tests
test arrow_0::example ... ok
test arrow_1::example ... ok
test arrow_10::example ... ok
test arrow_2::example ... ok
test arrow_5::example ... ok
test arrow_4::example ... ok
test arrow_3::example ... ok
test arrow_6::example ... ok
test arrow_8::example ... ok
test arrowfs_0::example ... ok
test arrowfs_1::example ... ok
test arrow_9::example ... ok
test arrow_7::example ... ok
test arrowfs_2::example ... ok
test arrowfs_6::example ... ok
test arrowfs_4::example ... ok
test arrowfs_7::example ... ok
test avro_1::example ... ok
test arrowfs_3::example ... ok
test avro_2::example ... ok
test avro_3::example ... ok
test avro_4::example ... ok
test avro_5::example ... ok
test avro_7::example ... ok
test avro_8::example ... ok
test buffered_0::example ... ok
test avro_6::example ... ok
test buffered_10::example ... ok
test buffered_1::example ... ok
test buffered_2::example ... ok
test buffered_3::example ... ok
test buffered_4::example ... ok
test buffered_5::example ... ok
test buffered_6::example ... ok
test avro_0::example ... ok
test buffered_7::example ... ok
test buffered_8::example ... ok
test buffered_9::example ... ok
test datatype_0::example ... ok
test datatype_10::example ... ok
test datatype_11::example ... ok
test datatype_13::example ... ok
test datatype_14::example ... ok
test datatype_1::example ... ok
test datatype_12::example ... ok
test datatype_2::example ... ok
test datatype_15::example ... ok
test datatype_3::example ... ok
test datatype_4::example ... ok
test datatype_5::example ... ok
test datatype_7::example ... ok
test datatype_6::example ... ok
test datatype_8::example ... ok
test datatype_9::example ... ok
test expression_0::example ... ok
test expression_2::example ... ok
test expression_3::example ... ok
test expression_1::example ... ok
test expression_4::example ... ok
test expression_5::example ... ok
test expression_6::example ... ok
test field_10::example ... ok
test expression_7::example ... ok
test field_0::example ... ok
test field_12::example ... ok
test field_11::example ... ok
test field_13::example ... ok
test field_14::example ... ok
test field_15::example ... ok
test field_1::example ... ok
test field_2::example ... ok
test field_3::example ... ok
test field_4::example ... ok
test field_6::example ... ok
test field_7::example ... ok
test field_8::example ... ok
test generic_0::example ... ok
test field_9::example ... ok
test generic_11::example ... ok
test generic_12::example ... ok
test generic_13::example ... ok
test field_5::example ... ok
test generic_14::example ... ok
test generic_15::example ... ok
test generic_16::example ... ok
test generic_17::example ... ok
test generic_18::example ... ok
test generic_19::example ... ok
test generic_1::example ... ok
test generic_20::example ... ok
test generic_21::example ... ok
test generic_2::example ... ok
test generic_3::example ... ok
test generic_4::example ... ok
test generic_10::example ... ok
test generic_6::example ... ok
test generic_8::example ... ok
test generic_9::example ... ok
test getting_started_0::example ... ok
test generic_7::example ... ok
test arrowfs_5::example ... ok
test getting_started_1::example ... ok
test gzip_0::example ... ok
test gzip_1::example ... ok
test gzip_2::example ... ok
test gzip_4::example ... ok
test gzip_5::example ... ok
test gzip_7::example ... ok
test gzip_6::example ... ok
test gzip_9::example ... ok
test gzip_3::example ... ok
test gzip_8::example ... ok
test generic_5::example ... ok
test iceberg_0::example ... ok
test iceberg_11::example ... ok
test iceberg_15::example ... ok
test iceberg_14::example ... ok
test iceberg_17::example ... ok
test iceberg_13::example ... ok
test iceberg_19::example ... ok
test iceberg_16::example ... ok
test iceberg_1::example ... ok
test iceberg_20::example ... ok
test iceberg_12::example ... ok
test iceberg_21::example ... ok
test iceberg_18::example ... ok
test iceberg_23::example ... ok
test iceberg_26::example ... ok
test iceberg_27::example ... ok
test iceberg_25::example ... ok
test iceberg_29::example ... ok
test iceberg_2::example ... ok
test iceberg_30::example ... ok
test iceberg_31::example ... ok
test iceberg_32::example ... ok
test iceberg_33::example ... ok
test iceberg_34::example ... ok
test iceberg_3::example ... ok
test iceberg_28::example ... ok
test iceberg_22::example ... ok
test iceberg_6::example ... ok
test iceberg_5::example ... ok
test iceberg_4::example ... ok
test iceberg_8::example ... ok
test index_0::example ... ok
test io_0::example ... ok
test io_10::example ... ok
test io_11::example ... ok
test iceberg_7::example ... ok
test io_13::example ... ok
test io_14::example ... ok
test io_15::example ... ok
test io_16::example ... ok
test io_17::example ... ok
test io_18::example ... ok
test io_19::example ... ok
test io_1::example ... ok
test io_20::example ... ok
test io_21::example ... ok
test io_22::example ... ok
test io_23::example ... ok
test io_24::example ... ok
test io_25::example ... ok
test io_26::example ... ok
test io_27::example ... ok
test io_28::example ... ok
test io_29::example ... ok
test io_2::example ... ok
test io_30::example ... ok
test io_3::example ... ok
test io_4::example ... ok
test io_12::example ... ok
test io_6::example ... ok
test io_5::example ... ok
test io_7::example ... ok
test io_8::example ... ok
test ipc_0::example ... ok
test io_9::example ... ok
test ipc_10::example ... ok
test ipc_1::example ... ok
test ipc_2::example ... ok
test ipc_3::example ... ok
test ipc_4::example ... ok
test ipc_5::example ... ok
test ipc_6::example ... ok
test iceberg_24::example ... ok
test ipc_7::example ... ok
test ipc_9::example ... ok
test ipc_8::example ... ok
test json_1::example ... ok
test json_0::example ... ok
test iceberg_9::example ... ok
test json_2::example ... ok
test json_3::example ... ok
test local_1::example ... ok
test local_0::example ... ok
test local_2::example ... ok
test local_3::example ... ok
test local_4::example ... ok
test local_7::example ... ok
test local_6::example ... ok
test local_9::example ... ok
test parquet_0::example ... ok
test local_5::example ... ok
test parquet_10::example ... ok
test parquet_1::example ... ok
test local_8::example ... ok
test parquet_2::example ... ok
test parquet_3::example ... ok
test parquet_5::example ... ok
test parquet_6::example ... ok
test parquet_7::example ... ok
test parquet_9::example ... ok
test parquet_8::example ... ok
test text_1::example ... ok
test text_2::example ... ok
test parquet_4::example ... ok
test text_0::example ... ok
test text_4::example ... ok
test text_5::example ... ok
test text_3::example ... ok
test toml_0::example ... ok
test toml_1::example ... ok
test text_6::example ... ok
test toml_2::example ... ok
test toml_4::example ... ok
test toml_3::example ... ok
test uri_0::example ... ok
test uri_1::example ... ok
test uri_10::example ... ok
test uri_3::example ... ok
test uri_2::example ... ok
test uri_4::example ... ok
test uri_7::example ... ok
test uri_6::example ... ok
test uri_5::example ... ok
test uri_8::example ... ok
test yaml_0::example ... ok
test uri_9::example ... ok
test yaml_1::example ... ok
test yaml_3::example ... ok
test yaml_4::example ... ok
test yaml_2::example ... ok
test zlib_0::example ... ok
test zlib_1::example ... ok
test zlib_4::example ... ok
test zlib_2::example ... ok
test zlib_3::example ... ok
test zlib_6::example ... ok
test zlib_5::example ... ok
test zlib_7::example ... ok
test zlib_8::example ... ok
test zstd_2::example ... ok
test zstd_0::example ... ok
test zstd_1::example ... ok
test zstd_4::example ... ok
test zstd_6::example ... ok
test zstd_5::example ... ok
test zstd_7::example ... ok
test zstd_3::example ... ok
test ipc_11::example ... ok

test result: ok. 261 passed; 0 failed; 0 ignored; 0 measured; 0 filtered out; finished in 16.09s

python: 190 examples run, 4 skipped, 0 failed
javascript: 171 examples run, 2 skipped, 0 failed
